<?xml version="1.0" encoding="UTF-8"?>
<testsuites name="jest tests" tests="4" failures="0" errors="0" time="1.601">
  <testsuite name="undefined" errors="0" failures="0" skipped="0" timestamp="2026-04-06T17:59:17" time="0.598" tests="4">
    <testcase classname="" name="renders mood card" time="0.026">
    </testcase>
    <testcase classname="" name="renders mood slider" time="0.024">
    </testcase>
    <testcase classname="" name="renders lock in mood button" time="0.006">
    </testcase>
    <testcase classname="" name="slider changes intensity level" time="0.01">
    </testcase>
  </testsuite>
</testsuites>